// Jest Snapshot v1, https://goo.gl/fbAQLP

exports[`renders home correctly 1`] = `
<div
  id="quote"
>
  <p
    style={
      Object {
        "fontStyle": "italic",
      }
    }
  >
    Mathematics as an expression of the human mind reflects the active will, the contemplative reason, and the desire for aesthetic perfection. Its basic elements are logic and intuition, analysis and construction, generality and individuality. â€” Richard Courant, German-American mathematician
  </p>
</div>
`;
